// Jest Snapshot v1, https://goo.gl/fbAQLP

exports[`CategoryTemplate renders correctly 1`] = `
<div
  className="layout"
>
  <div
    className="sidebar"
  >
    <div
      className="sidebar__inner"
    >
      <div
        className="author"
      >
        <a
          href="/"
        >
          <img
            alt="Test name"
            className="author__photo"
            height="75"
            src="/test.jpg"
            width="75"
          />
        </a>
        <h2
          className="author__title"
        >
          <a
            className="author__title-link"
            href="/"
          >
            Test name
          </a>
        </h2>
        <p
          className="author__subtitle"
        >
          Test bio
        </p>
      </div>
      <nav
        className="menu"
      >
        <ul
          className="menu__list"
        >
          <li
            className="menu__list-item"
          >
            <a
              className="menu__list-item-link"
              href="/test/1/"
            >
              Test label 1
            </a>
          </li>
          <li
            className="menu__list-item"
          >
            <a
              className="menu__list-item-link"
              href="/test/2/"
            >
              Test label 2
            </a>
          </li>
          <li
            className="menu__list-item"
          >
            <a
              className="menu__list-item-link"
              href="/test/3/"
            >
              Test label 3
            </a>
          </li>
        </ul>
      </nav>
    </div>
  </div>
  <div
    className="page"
  >
    <div
      className="page__inner"
    >
      <h1
        className="page__title"
      >
        test
      </h1>
      <div
        className="page__body"
      >
        <div
          className="feed"
        >
          <div
            className="feed__item"
          >
            <div
              className="feed__item-meta"
            >
              <time
                className="feed__item-meta-time"
                dateTime="September 1, 2016"
              >
                September 2016
              </time>
              <span
                className="feed__item-meta-divider"
              />
              <span
                className="feed__item-meta-category"
              >
                <a
                  className="feed__item-meta-category-link"
                  href="/test"
                >
                  test
                </a>
              </span>
            </div>
            <h2
              className="feed__item-title"
            >
              <a
                className="feed__item-title-link"
                href="/test_0"
              >
                test_0
              </a>
            </h2>
            <p
              className="feed__item-description"
            >
              test_0
            </p>
            <a
              className="feed__item-readmore"
              href="/test_0"
            >
              Read
            </a>
          </div>
          <div
            className="feed__item"
          >
            <div
              className="feed__item-meta"
            >
              <time
                className="feed__item-meta-time"
                dateTime="September 1, 2016"
              >
                September 2016
              </time>
              <span
                className="feed__item-meta-divider"
              />
              <span
                className="feed__item-meta-category"
              >
                <a
                  className="feed__item-meta-category-link"
                  href="/test"
                >
                  test
                </a>
              </span>
            </div>
            <h2
              className="feed__item-title"
            >
              <a
                className="feed__item-title-link"
                href="/test_1"
              >
                test_1
              </a>
            </h2>
            <p
              className="feed__item-description"
            >
              test_1
            </p>
            <a
              className="feed__item-readmore"
              href="/test_1"
            >
              Read
            </a>
          </div>
        </div>
        <div
          className="pagination"
        >
          <div
            className="pagination__prev"
          >
            <a
              className="pagination__prev-link"
              href="/page/1"
              rel="prev"
            >
              ← PREV
            </a>
          </div>
          <div
            className="pagination__next"
          >
            <a
              className="pagination__next-link"
              href="/page/3"
              rel="next"
            >
              → NEXT
            </a>
          </div>
        </div>
      </div>
    </div>
  </div>
</div>
`;
