// Jest Snapshot v1, https://goo.gl/fbAQLP

exports[`CategoriesListTemplate renders correctly 1`] = `
<div
  className="layout"
>
  <div
    className="sidebar"
  >
    <div
      className="sidebar__inner"
    >
      <div
        className="author"
      >
        <a
          href="/"
        >
          <img
            alt="Test name"
            className="author__photo"
            height="75"
            src="/test.jpg"
            width="75"
          />
        </a>
        <h2
          className="author__title"
        >
          <a
            className="author__title-link"
            href="/"
          >
            Test name
          </a>
        </h2>
        <p
          className="author__subtitle"
        >
          Test bio
        </p>
      </div>
      <nav
        className="menu"
      >
        <ul
          className="menu__list"
        >
          <li
            className="menu__list-item"
          >
            <a
              className="menu__list-item-link"
              href="/test/1/"
            >
              Test label 1
            </a>
          </li>
          <li
            className="menu__list-item"
          >
            <a
              className="menu__list-item-link"
              href="/test/2/"
            >
              Test label 2
            </a>
          </li>
          <li
            className="menu__list-item"
          >
            <a
              className="menu__list-item-link"
              href="/test/3/"
            >
              Test label 3
            </a>
          </li>
        </ul>
      </nav>
    </div>
  </div>
  <div
    className="page"
  >
    <div
      className="page__inner"
    >
      <h1
        className="page__title"
      >
        Categories
      </h1>
      <div
        className="page__body"
      >
        <ul>
          <li>
            <a
              href="/category/test-0/"
            >
              test_0
               (
              1
              )
            </a>
          </li>
          <li>
            <a
              href="/category/test-1/"
            >
              test_1
               (
              2
              )
            </a>
          </li>
        </ul>
      </div>
    </div>
  </div>
</div>
`;
