// Jest Snapshot v1, https://goo.gl/fbAQLP

exports[`Sidebar renders correctly 1`] = `
<div
  className="sidebar"
>
  <div
    className="sidebar__inner"
  >
    <div
      className="author"
    >
      <a
        href="/"
      >
        <img
          alt="Test name"
          className="author__photo"
          height="75"
          src="/test.jpg"
          width="75"
        />
      </a>
      <h1
        className="author__title"
      >
        <a
          className="author__title-link"
          href="/"
        >
          Test name
        </a>
      </h1>
      <p
        className="author__subtitle"
      >
        Test bio
      </p>
    </div>
    <nav
      className="menu"
    >
      <ul
        className="menu__list"
      >
        <li
          className="menu__list-item"
        >
          <a
            className="menu__list-item-link"
            href="/test/1/"
          >
            Test label 1
          </a>
        </li>
        <li
          className="menu__list-item"
        >
          <a
            className="menu__list-item-link"
            href="/test/2/"
          >
            Test label 2
          </a>
        </li>
        <li
          className="menu__list-item"
        >
          <a
            className="menu__list-item-link"
            href="/test/3/"
          >
            Test label 3
          </a>
        </li>
      </ul>
    </nav>
  </div>
</div>
`;
